S001C002P001R002A059: 32 frames missed: [0, 1, 2, 3, 4, 5, 6, 7, 8, 9, 10, 11, 12, 13, 14, 15, 16, 17, 18, 19, 20, 21, 22, 23, 24, 25, 26, 27, 28, 29, 30, 31]

S001C002P001R002A060: 11 frames missed: [87, 88, 89, 90, 91, 92, 93, 94, 95, 96, 97]

S001C002P004R001A055: 42 frames missed: [33, 34, 35, 36, 37, 38, 39, 40, 41, 42, 43, 44, 45, 46, 47, 48, 49, 50, 51, 52, 53, 54, 55, 56, 57, 58, 59, 60, 61, 62, 63, 64, 65, 66, 67, 68, 69, 70, 71, 72, 73, 74]

S001C002P004R001A055: 42 frames missed: [33, 34, 35, 36, 37, 38, 39, 40, 41, 42, 43, 44, 45, 46, 47, 48, 49, 50, 51, 52, 53, 54, 55, 56, 57, 58, 59, 60, 61, 62, 63, 64, 65, 66, 67, 68, 69, 70, 71, 72, 73, 74]

S001C002P004R002A055: 32 frames missed: [32, 33, 34, 35, 36, 37, 38, 39, 40, 41, 42, 43, 44, 45, 46, 47, 48, 49, 50, 51, 52, 53, 54, 55, 56, 57, 58, 59, 60, 61, 62, 63]

S001C002P004R002A055: 32 frames missed: [32, 33, 34, 35, 36, 37, 38, 39, 40, 41, 42, 43, 44, 45, 46, 47, 48, 49, 50, 51, 52, 53, 54, 55, 56, 57, 58, 59, 60, 61, 62, 63]

S001C002P008R002A060: 6 frames missed: [86, 87, 88, 89, 90, 91]

S001C002P008R002A060: 6 frames missed: [86, 87, 88, 89, 90, 91]

S001C003P001R001A055: 6 frames missed: [35, 36, 37, 38, 39, 40]

S001C003P001R001A055: 6 frames missed: [35, 36, 37, 38, 39, 40]

S001C003P003R002A011: 34 frames missed: [0, 1, 2, 3, 4, 5, 6, 7, 8, 9, 10, 11, 12, 13, 14, 15, 16, 17, 18, 19, 20, 21, 22, 23, 24, 25, 26, 27, 28, 29, 30, 31, 32, 33]

S001C003P003R002A011: 34 frames missed: [0, 1, 2, 3, 4, 5, 6, 7, 8, 9, 10, 11, 12, 13, 14, 15, 16, 17, 18, 19, 20, 21, 22, 23, 24, 25, 26, 27, 28, 29, 30, 31, 32, 33]

S001C003P004R002A009: 25 frames missed: [35, 36, 37, 38, 39, 40, 41, 42, 43, 44, 45, 46, 47, 48, 49, 50, 51, 52, 53, 54, 55, 56, 57, 58, 59]

S001C003P004R002A009: 25 frames missed: [35, 36, 37, 38, 39, 40, 41, 42, 43, 44, 45, 46, 47, 48, 49, 50, 51, 52, 53, 54, 55, 56, 57, 58, 59]

S002C001P012R002A059: 27 frames missed: [0, 1, 2, 3, 4, 5, 6, 7, 8, 9, 10, 11, 12, 13, 14, 15, 16, 17, 18, 19, 20, 21, 22, 23, 24, 25, 26]

S002C001P012R002A059: 27 frames missed: [0, 1, 2, 3, 4, 5, 6, 7, 8, 9, 10, 11, 12, 13, 14, 15, 16, 17, 18, 19, 20, 21, 22, 23, 24, 25, 26]

S002C001P014R001A055: 7 frames missed: [65, 66, 67, 68, 69, 70, 71]

S002C001P014R001A055: 7 frames missed: [65, 66, 67, 68, 69, 70, 71]

S002C002P007R002A055: 29 frames missed: [34, 35, 36, 37, 38, 39, 40, 41, 42, 43, 44, 45, 46, 47, 48, 49, 50, 51, 52, 53, 54, 55, 56, 57, 58, 59, 60, 61, 62]

S002C002P007R002A055: 29 frames missed: [34, 35, 36, 37, 38, 39, 40, 41, 42, 43, 44, 45, 46, 47, 48, 49, 50, 51, 52, 53, 54, 55, 56, 57, 58, 59, 60, 61, 62]

S002C002P009R001A055: 43 frames missed: [40, 41, 42, 43, 44, 45, 46, 47, 48, 49, 50, 51, 52, 53, 54, 55, 56, 57, 58, 59, 60, 61, 62, 63, 64, 65, 66, 67, 68, 69, 70, 71, 72, 73, 74, 75, 76, 77, 78, 79, 80, 81, 82]

S002C002P009R001A055: 43 frames missed: [40, 41, 42, 43, 44, 45, 46, 47, 48, 49, 50, 51, 52, 53, 54, 55, 56, 57, 58, 59, 60, 61, 62, 63, 64, 65, 66, 67, 68, 69, 70, 71, 72, 73, 74, 75, 76, 77, 78, 79, 80, 81, 82]

S002C002P010R001A001: 5 frames missed: [0, 1, 2, 3, 4]

S002C002P010R001A001: 5 frames missed: [0, 1, 2, 3, 4]

S002C002P010R001A055: 7 frames missed: [34, 35, 36, 37, 38, 39, 40]

S002C002P010R001A055: 7 frames missed: [34, 35, 36, 37, 38, 39, 40]

S008C001P008R002A059: 42 frames missed: [0, 1, 2, 3, 4, 5, 6, 7, 8, 9, 10, 11, 12, 13, 14, 15, 16, 17, 18, 19, 20, 21, 22, 23, 24, 25, 26, 27, 28, 29, 30, 31, 32, 33, 34, 35, 36, 37, 38, 39, 40, 41]

S015C001P017R001A060: 6 frames missed: [40, 41, 42, 43, 44, 45]

S022C001P063R001A108: 1 frames missed: [48]

S029C001P044R002A073: 11 frames missed: [0, 1, 2, 3, 4, 5, 6, 7, 8, 9, 10]

S029C003P090R002A117: 4 frames missed: [52, 53, 54, 55]

S008C001P008R002A059: 42 frames missed: [0, 1, 2, 3, 4, 5, 6, 7, 8, 9, 10, 11, 12, 13, 14, 15, 16, 17, 18, 19, 20, 21, 22, 23, 24, 25, 26, 27, 28, 29, 30, 31, 32, 33, 34, 35, 36, 37, 38, 39, 40, 41]

S015C001P017R001A060: 6 frames missed: [40, 41, 42, 43, 44, 45]

S022C001P063R001A108: 1 frames missed: [48]

S029C001P044R002A073: 11 frames missed: [0, 1, 2, 3, 4, 5, 6, 7, 8, 9, 10]

S029C003P090R002A117: 4 frames missed: [52, 53, 54, 55]

S001C002P001R002A059: 32 frames missed: [0, 1, 2, 3, 4, 5, 6, 7, 8, 9, 10, 11, 12, 13, 14, 15, 16, 17, 18, 19, 20, 21, 22, 23, 24, 25, 26, 27, 28, 29, 30, 31]

S001C002P001R002A060: 11 frames missed: [87, 88, 89, 90, 91, 92, 93, 94, 95, 96, 97]

S001C002P004R002A055: 32 frames missed: [32, 33, 34, 35, 36, 37, 38, 39, 40, 41, 42, 43, 44, 45, 46, 47, 48, 49, 50, 51, 52, 53, 54, 55, 56, 57, 58, 59, 60, 61, 62, 63]

S001C002P004R001A055: 42 frames missed: [33, 34, 35, 36, 37, 38, 39, 40, 41, 42, 43, 44, 45, 46, 47, 48, 49, 50, 51, 52, 53, 54, 55, 56, 57, 58, 59, 60, 61, 62, 63, 64, 65, 66, 67, 68, 69, 70, 71, 72, 73, 74]

S001C002P008R002A060: 6 frames missed: [86, 87, 88, 89, 90, 91]

S001C003P001R001A055: 6 frames missed: [35, 36, 37, 38, 39, 40]

S001C003P004R002A009: 25 frames missed: [35, 36, 37, 38, 39, 40, 41, 42, 43, 44, 45, 46, 47, 48, 49, 50, 51, 52, 53, 54, 55, 56, 57, 58, 59]

S001C003P003R002A011: 34 frames missed: [0, 1, 2, 3, 4, 5, 6, 7, 8, 9, 10, 11, 12, 13, 14, 15, 16, 17, 18, 19, 20, 21, 22, 23, 24, 25, 26, 27, 28, 29, 30, 31, 32, 33]

S002C001P012R002A059: 27 frames missed: [0, 1, 2, 3, 4, 5, 6, 7, 8, 9, 10, 11, 12, 13, 14, 15, 16, 17, 18, 19, 20, 21, 22, 23, 24, 25, 26]

S002C001P014R001A055: 7 frames missed: [65, 66, 67, 68, 69, 70, 71]

S002C002P007R002A055: 29 frames missed: [34, 35, 36, 37, 38, 39, 40, 41, 42, 43, 44, 45, 46, 47, 48, 49, 50, 51, 52, 53, 54, 55, 56, 57, 58, 59, 60, 61, 62]

